c:\class\2年後期\pg3\pg3\pg3\x64\debug\vc143.pdb
c:\class\2年後期\pg3\pg3\pg3\x64\debug\vc143.idb
c:\class\2年後期\pg3\pg3\pg3\x64\debug\main.obj
c:\class\2年後期\pg3\pg3\x64\debug\pg3.exe
c:\class\2年後期\pg3\pg3\x64\debug\pg3.pdb
c:\class\2年後期\pg3\pg3\pg3\x64\debug\pg3.ilk
c:\class\2年後期\pg3\pg3\pg3\x64\debug\01_01.obj
c:\class\2年後期\pg3\pg3\pg3\x64\debug\circle.obj
c:\class\2年後期\pg3\pg3\pg3\x64\debug\enemy.obj
c:\class\2年後期\pg3\pg3\pg3\x64\debug\logicool.obj
c:\class\2年後期\pg3\pg3\pg3\x64\debug\myclass.obj
c:\class\2年後期\pg3\pg3\pg3\x64\debug\realforce.obj
c:\class\2年後期\pg3\pg3\pg3\x64\debug\rectangle.obj
c:\class\2年後期\pg3\pg3\pg3\x64\debug\pg3.tlog\cl.command.1.tlog
c:\class\2年後期\pg3\pg3\pg3\x64\debug\pg3.tlog\cl.items.tlog
c:\class\2年後期\pg3\pg3\pg3\x64\debug\pg3.tlog\cl.read.1.tlog
c:\class\2年後期\pg3\pg3\pg3\x64\debug\pg3.tlog\cl.write.1.tlog
c:\class\2年後期\pg3\pg3\pg3\x64\debug\pg3.tlog\link.command.1.tlog
c:\class\2年後期\pg3\pg3\pg3\x64\debug\pg3.tlog\link.read.1.tlog
c:\class\2年後期\pg3\pg3\pg3\x64\debug\pg3.tlog\link.secondary.1.tlog
c:\class\2年後期\pg3\pg3\pg3\x64\debug\pg3.tlog\link.write.1.tlog
